Copyright 1986-2017 Xilinx, Inc. All Rights Reserved.
-------------------------------------------------------------------------------------------------------------------------------------
| Tool Version     : Vivado v.2017.4 (lin64) Build 2086221 Fri Dec 15 20:54:30 MST 2017
| Date             : Fri May  4 14:53:37 2018
| Host             : c125m-20.EECS.Berkeley.EDU running 64-bit CentOS release 6.9 (Final)
| Command          : report_power -file z1top_power_routed.rpt -pb z1top_power_summary_routed.pb -rpx z1top_power_routed.rpx
| Design           : z1top
| Device           : xc7z020clg400-1
| Design State     : routed
| Grade            : commercial
| Process          : typical
| Characterization : Production
-------------------------------------------------------------------------------------------------------------------------------------

Power Report

Table of Contents
-----------------
1. Summary
1.1 On-Chip Components
1.2 Power Supply Summary
1.3 Confidence Level
2. Settings
2.1 Environment
2.2 Clock Constraints
3. Detailed Reports
3.1 By Hierarchy

1. Summary
----------

+--------------------------+----------------------------------+
| Total On-Chip Power (W)  | 48.434 (Junction temp exceeded!) |
| Design Power Budget (W)  | Unspecified*                     |
| Power Budget Margin (W)  | NA                               |
| Dynamic (W)              | 47.290                           |
| Device Static (W)        | 1.144                            |
| Effective TJA (C/W)      | 11.5                             |
| Max Ambient (C)          | 0.0                              |
| Junction Temperature (C) | 125.0                            |
| Confidence Level         | Low                              |
| Setting File             | ---                              |
| Simulation Activity File | ---                              |
| Design Nets Matched      | NA                               |
+--------------------------+----------------------------------+
* Specify Design Power Budget using, set_operating_conditions -design_power_budget <value in Watts>


1.1 On-Chip Components
----------------------

+--------------------------+-----------+----------+-----------+-----------------+
| On-Chip                  | Power (W) | Used     | Available | Utilization (%) |
+--------------------------+-----------+----------+-----------+-----------------+
| Slice Logic              |     8.620 |     3977 |       --- |             --- |
|   LUT as Logic           |     7.889 |     2121 |     53200 |            3.99 |
|   CARRY4                 |     0.254 |      107 |     13300 |            0.80 |
|   Register               |     0.214 |      976 |    106400 |            0.92 |
|   LUT as Distributed RAM |     0.202 |       68 |     17400 |            0.39 |
|   BUFG                   |     0.035 |        6 |        32 |           18.75 |
|   F7/F8 Muxes            |     0.026 |       71 |     53200 |            0.13 |
|   Others                 |     0.000 |      218 |       --- |             --- |
| Signals                  |    11.967 |     3426 |       --- |             --- |
| Block RAM                |     2.501 |       60 |       140 |           42.86 |
| PLL                      |    11.786 |        3 |         4 |           75.00 |
| I/O                      |    12.416 |       30 |       125 |           24.00 |
| Static Power             |     1.144 |          |           |                 |
| Total                    |    48.434 |          |           |                 |
+--------------------------+-----------+----------+-----------+-----------------+


1.2 Power Supply Summary
------------------------

+-----------+-------------+-----------+-------------+------------+
| Source    | Voltage (V) | Total (A) | Dynamic (A) | Static (A) |
+-----------+-------------+-----------+-------------+------------+
| Vccint    |       1.000 |    25.555 |      25.221 |      0.334 |
| Vccaux    |       1.800 |     6.099 |       5.999 |      0.100 |
| Vcco33    |       3.300 |     3.353 |       3.352 |      0.001 |
| Vcco25    |       2.500 |     0.000 |       0.000 |      0.000 |
| Vcco18    |       1.800 |     0.000 |       0.000 |      0.000 |
| Vcco15    |       1.500 |     0.000 |       0.000 |      0.000 |
| Vcco135   |       1.350 |     0.000 |       0.000 |      0.000 |
| Vcco12    |       1.200 |     0.000 |       0.000 |      0.000 |
| Vccaux_io |       1.800 |     0.000 |       0.000 |      0.000 |
| Vccbram   |       1.000 |     0.303 |       0.209 |      0.094 |
| MGTAVcc   |       1.000 |     0.000 |       0.000 |      0.000 |
| MGTAVtt   |       1.200 |     0.000 |       0.000 |      0.000 |
| MGTVccaux |       1.800 |     0.000 |       0.000 |      0.000 |
| Vccpint   |       1.000 |     0.473 |       0.000 |      0.473 |
| Vccpaux   |       1.800 |     0.010 |       0.000 |      0.010 |
| Vccpll    |       1.800 |     0.003 |       0.000 |      0.003 |
| Vcco_ddr  |       1.500 |     0.000 |       0.000 |      0.000 |
| Vcco_mio0 |       1.800 |     0.000 |       0.000 |      0.000 |
| Vcco_mio1 |       1.800 |     0.000 |       0.000 |      0.000 |
| Vccadc    |       1.800 |     0.020 |       0.000 |      0.020 |
+-----------+-------------+-----------+-------------+------------+


1.3 Confidence Level
--------------------

+-----------------------------+------------+--------------------------------------------------------+--------------------------------------------------------------------------------------------------------------------+
| User Input Data             | Confidence | Details                                                | Action                                                                                                             |
+-----------------------------+------------+--------------------------------------------------------+--------------------------------------------------------------------------------------------------------------------+
| Design implementation state | High       | Design is routed                                       |                                                                                                                    |
| Clock nodes activity        | Low        | User specified less than 75% of clocks                 | Provide missing clock activity with a constraint file, simulation results or by editing the "By Clock Domain" view |
| I/O nodes activity          | Low        | More than 75% of inputs are missing user specification | Provide missing input activity with simulation results or by editing the "By Resource Type -> I/Os" view           |
| Internal nodes activity     | Medium     | User specified less than 25% of internal nodes         | Provide missing internal nodes activity with simulation results or by editing the "By Resource Type" views         |
| Device models               | High       | Device models are Production                           |                                                                                                                    |
|                             |            |                                                        |                                                                                                                    |
| Overall confidence level    | Low        |                                                        |                                                                                                                    |
+-----------------------------+------------+--------------------------------------------------------+--------------------------------------------------------------------------------------------------------------------+


2. Settings
-----------

2.1 Environment
---------------

+-----------------------+------------------------+
| Ambient Temp (C)      | 25.0                   |
| ThetaJA (C/W)         | 11.5                   |
| Airflow (LFM)         | 250                    |
| Heat Sink             | none                   |
| ThetaSA (C/W)         | 0.0                    |
| Board Selection       | medium (10"x10")       |
| # of Board Layers     | 8to11 (8 to 11 Layers) |
| Board Temperature (C) | 25.0                   |
+-----------------------+------------------------+


2.2 Clock Constraints
---------------------

+-------+--------+-----------------+
| Clock | Domain | Constraint (ns) |
+-------+--------+-----------------+


3. Detailed Reports
-------------------

3.1 By Hierarchy
----------------

+------------------------------------------------+-----------+
| Name                                           | Power (W) |
+------------------------------------------------+-----------+
| z1top                                          |    47.290 |
|   CPU                                          |    19.699 |
|     BIOS                                       |     1.617 |
|       U0                                       |     1.617 |
|         inst_blk_mem_gen                       |     1.617 |
|           gnbram.gnativebmg.native_blk_mem_gen |     1.617 |
|             valid.cstr                         |     1.617 |
|               ramloop[0].ram.r                 |     0.412 |
|                 prim_init.ram                  |     0.412 |
|               ramloop[1].ram.r                 |     0.412 |
|                 prim_init.ram                  |     0.412 |
|               ramloop[2].ram.r                 |     0.423 |
|                 prim_init.ram                  |     0.423 |
|               ramloop[3].ram.r                 |     0.370 |
|                 prim_init.ram                  |     0.370 |
|     IMEM                                       |     1.751 |
|       U0                                       |     1.751 |
|         inst_blk_mem_gen                       |     1.751 |
|           gnbram.gnativebmg.native_blk_mem_gen |     1.751 |
|             valid.cstr                         |     1.751 |
|               has_mux_b.B                      |     0.505 |
|               ramloop[0].ram.r                 |     0.044 |
|                 prim_init.ram                  |     0.044 |
|               ramloop[10].ram.r                |     0.128 |
|                 prim_init.ram                  |     0.128 |
|               ramloop[11].ram.r                |     0.063 |
|                 prim_init.ram                  |     0.063 |
|               ramloop[12].ram.r                |     0.049 |
|                 prim_init.ram                  |     0.049 |
|               ramloop[13].ram.r                |     0.075 |
|                 prim_init.ram                  |     0.075 |
|               ramloop[14].ram.r                |     0.073 |
|                 prim_init.ram                  |     0.073 |
|               ramloop[15].ram.r                |     0.130 |
|                 prim_init.ram                  |     0.130 |
|               ramloop[1].ram.r                 |     0.052 |
|                 prim_init.ram                  |     0.052 |
|               ramloop[2].ram.r                 |     0.047 |
|                 prim_init.ram                  |     0.047 |
|               ramloop[3].ram.r                 |     0.044 |
|                 prim_init.ram                  |     0.044 |
|               ramloop[4].ram.r                 |     0.078 |
|                 prim_init.ram                  |     0.078 |
|               ramloop[5].ram.r                 |     0.074 |
|                 prim_init.ram                  |     0.074 |
|               ramloop[6].ram.r                 |     0.067 |
|                 prim_init.ram                  |     0.067 |
|               ramloop[7].ram.r                 |     0.065 |
|                 prim_init.ram                  |     0.065 |
|               ramloop[8].ram.r                 |     0.126 |
|                 prim_init.ram                  |     0.126 |
|               ramloop[9].ram.r                 |     0.131 |
|                 prim_init.ram                  |     0.131 |
|     d_mem                                      |     1.649 |
|       U0                                       |     1.649 |
|         inst_blk_mem_gen                       |     1.649 |
|           gnbram.gnativebmg.native_blk_mem_gen |     1.649 |
|             valid.cstr                         |     1.649 |
|               has_mux_a.A                      |     0.816 |
|               ramloop[0].ram.r                 |     0.045 |
|                 prim_init.ram                  |     0.045 |
|               ramloop[10].ram.r                |     0.072 |
|                 prim_init.ram                  |     0.072 |
|               ramloop[11].ram.r                |     0.037 |
|                 prim_init.ram                  |     0.037 |
|               ramloop[12].ram.r                |     0.042 |
|                 prim_init.ram                  |     0.042 |
|               ramloop[13].ram.r                |     0.050 |
|                 prim_init.ram                  |     0.050 |
|               ramloop[14].ram.r                |     0.042 |
|                 prim_init.ram                  |     0.042 |
|               ramloop[15].ram.r                |     0.081 |
|                 prim_init.ram                  |     0.081 |
|               ramloop[1].ram.r                 |     0.038 |
|                 prim_init.ram                  |     0.038 |
|               ramloop[2].ram.r                 |     0.043 |
|                 prim_init.ram                  |     0.043 |
|               ramloop[3].ram.r                 |     0.046 |
|                 prim_init.ram                  |     0.046 |
|               ramloop[4].ram.r                 |     0.042 |
|                 prim_init.ram                  |     0.042 |
|               ramloop[5].ram.r                 |     0.050 |
|                 prim_init.ram                  |     0.050 |
|               ramloop[6].ram.r                 |     0.046 |
|                 prim_init.ram                  |     0.046 |
|               ramloop[7].ram.r                 |     0.039 |
|                 prim_init.ram                  |     0.039 |
|               ramloop[8].ram.r                 |     0.079 |
|                 prim_init.ram                  |     0.079 |
|               ramloop[9].ram.r                 |     0.080 |
|                 prim_init.ram                  |     0.080 |
|     on_chip_uart                               |     7.966 |
|       uareceive                                |     7.576 |
|       uatransmit                               |     0.376 |
|     reggie                                     |     3.971 |
|       register_reg_r1_0_31_0_5                 |     0.035 |
|       register_reg_r1_0_31_12_17               |     0.028 |
|       register_reg_r1_0_31_18_23               |     0.029 |
|       register_reg_r1_0_31_24_29               |     0.024 |
|       register_reg_r1_0_31_30_31               |     0.011 |
|       register_reg_r1_0_31_6_11                |     0.031 |
|       register_reg_r2_0_31_0_5                 |     0.034 |
|       register_reg_r2_0_31_12_17               |     0.028 |
|       register_reg_r2_0_31_18_23               |     0.027 |
|       register_reg_r2_0_31_24_29               |     0.022 |
|       register_reg_r2_0_31_30_31               |     0.010 |
|       register_reg_r2_0_31_6_11                |     0.030 |
|     sync_FIFO                                  |     0.558 |
|       buffer_reg_0_31_0_5                      |    <0.001 |
|   async_FIFO                                   |     0.051 |
|     buffer_reg_0_31_0_5                        |    <0.001 |
|     buffer_reg_0_31_12_17                      |    <0.001 |
|     buffer_reg_0_31_18_23                      |    <0.001 |
|     buffer_reg_0_31_6_11                       |    <0.001 |
|   b_parser                                     |     0.140 |
|     button_debouncer                           |     0.103 |
|     button_edge_detector                       |     0.036 |
|     button_synchronizer                        |     0.000 |
|   celesta                                      |     0.172 |
|   connor                                       |     0.475 |
|   frame_buffer                                 |     0.394 |
|     mem_g                                      |     0.394 |
|       U0                                       |     0.394 |
|         inst_blk_mem_gen                       |     0.394 |
|           gnbram.gnativebmg.native_blk_mem_gen |     0.394 |
|             valid.cstr                         |     0.394 |
|               has_mux_b.B                      |     0.020 |
|               ramloop[0].ram.r                 |     0.254 |
|                 prim_noinit.ram                |     0.254 |
|               ramloop[10].ram.r                |     0.002 |
|                 prim_noinit.ram                |     0.002 |
|               ramloop[11].ram.r                |     0.002 |
|                 prim_noinit.ram                |     0.002 |
|               ramloop[1].ram.r                 |     0.017 |
|                 prim_noinit.ram                |     0.017 |
|               ramloop[2].ram.r                 |     0.017 |
|                 prim_noinit.ram                |     0.017 |
|               ramloop[3].ram.r                 |     0.003 |
|                 prim_noinit.ram                |     0.003 |
|               ramloop[4].ram.r                 |     0.017 |
|                 prim_noinit.ram                |     0.017 |
|               ramloop[5].ram.r                 |     0.002 |
|                 prim_noinit.ram                |     0.002 |
|               ramloop[6].ram.r                 |     0.003 |
|                 prim_noinit.ram                |     0.003 |
|               ramloop[7].ram.r                 |     0.001 |
|                 prim_noinit.ram                |     0.001 |
|               ramloop[8].ram.r                 |     0.017 |
|                 prim_noinit.ram                |     0.017 |
|               ramloop[9].ram.r                 |     0.002 |
|                 prim_noinit.ram                |     0.002 |
|   hdmi_out                                     |     7.194 |
|     U0                                         |     7.194 |
|       ClockGenInternal.ClockGenX               |     5.617 |
|         LockLostReset                          |     0.007 |
|           SyncAsyncx                           |     0.007 |
|         PLL_LockSyncAsync                      |     0.000 |
|       ClockSerializer                          |     0.092 |
|       DataEncoders[0].DataEncoder              |     0.191 |
|       DataEncoders[0].DataSerializer           |     0.430 |
|       DataEncoders[1].DataEncoder              |     0.174 |
|       DataEncoders[1].DataSerializer           |     0.256 |
|       DataEncoders[2].DataEncoder              |     0.177 |
|       DataEncoders[2].DataSerializer           |     0.256 |
|       LockLostReset                            |     0.000 |
|         SyncAsyncx                             |     0.000 |
|   tony                                         |     0.172 |
|   vinny                                        |     1.178 |
+------------------------------------------------+-----------+


