Copyright 1986-2017 Xilinx, Inc. All Rights Reserved.
--------------------------------------------------------------------------------------
| Tool Version : Vivado v.2017.4 (lin64) Build 2086221 Fri Dec 15 20:54:30 MST 2017
| Date         : Tue Apr 10 23:38:08 2018
| Host         : c125m-20.EECS.Berkeley.EDU running 64-bit CentOS release 6.9 (Final)
| Command      : report_control_sets -verbose -file z1top_control_sets_placed.rpt
| Design       : z1top
| Device       : xc7z020
--------------------------------------------------------------------------------------

Control Set Information

Table of Contents
-----------------
1. Summary
2. Flip-Flop Distribution
3. Detailed Control Set Information

1. Summary
----------

+----------------------------------------------------------+-------+
|                          Status                          | Count |
+----------------------------------------------------------+-------+
| Number of unique control sets                            |    11 |
| Unused register locations in slices containing registers |    43 |
+----------------------------------------------------------+-------+


2. Flip-Flop Distribution
-------------------------

+--------------+-----------------------+------------------------+-----------------+--------------+
| Clock Enable | Synchronous Set/Reset | Asynchronous Set/Reset | Total Registers | Total Slices |
+--------------+-----------------------+------------------------+-----------------+--------------+
| No           | No                    | No                     |              17 |            9 |
| No           | No                    | Yes                    |               0 |            0 |
| No           | Yes                   | No                     |             345 |          152 |
| Yes          | No                    | No                     |              19 |            8 |
| Yes          | No                    | Yes                    |               0 |            0 |
| Yes          | Yes                   | No                     |              40 |           11 |
+--------------+-----------------------+------------------------+-----------------+--------------+


3. Detailed Control Set Information
-----------------------------------

+---------------+-------------------------------------------------+--------------------------------------------------------+------------------+----------------+
|  Clock Signal |                  Enable Signal                  |                    Set/Reset Signal                    | Slice Load Count | Bel Load Count |
+---------------+-------------------------------------------------+--------------------------------------------------------+------------------+----------------+
|  LEDS_OBUF[5] | b_parser/button_debouncer/p_1_out               | b_parser/button_synchronizer/SR[0]                     |                3 |              8 |
|  LEDS_OBUF[5] |                                                 | CPU/on_chip_uart/uareceive/clock_counter[8]_i_1__0_n_0 |                3 |              9 |
|  LEDS_OBUF[5] |                                                 | CPU/on_chip_uart/uareceive/SR[0]                       |                2 |              9 |
|  LEDS_OBUF[5] | CPU/on_chip_uart/uareceive/rx_shift0            |                                                        |                4 |              9 |
|  LEDS_OBUF[5] | CPU/on_chip_uart/uatransmit/tx_shift[9]_i_1_n_0 |                                                        |                4 |             10 |
|  LEDS_OBUF[5] |                                                 | b_parser/button_debouncer/sample_counter[14]_i_1_n_0   |                4 |             14 |
|  LEDS_OBUF[5] |                                                 |                                                        |                9 |             17 |
|  LEDS_OBUF[5] |                                                 | CPU/on_chip_uart/uareceive/cycle_counter_reg[0]        |                8 |             32 |
|  LEDS_OBUF[5] | CPU/on_chip_uart/uareceive/instr_counter_reg[0] | CPU/on_chip_uart/uareceive/cycle_counter_reg[0]        |                8 |             32 |
|  LEDS_OBUF[5] | CPU/reggie/p_0_in__0                            |                                                        |               12 |             96 |
|  LEDS_OBUF[5] |                                                 | LEDS_OBUF[0]                                           |              135 |            281 |
+---------------+-------------------------------------------------+--------------------------------------------------------+------------------+----------------+


+--------+-----------------------+
| Fanout | Number of ControlSets |
+--------+-----------------------+
| 8      |                     1 |
| 9      |                     3 |
| 10     |                     1 |
| 14     |                     1 |
| 16+    |                     5 |
+--------+-----------------------+


